// Vitest Snapshot v1, https://vitest.dev/guide/snapshot.html

exports[`renders EduInfo 1`] = `
<div
  data-testid="input-wrapper"
>
  <label
    for="eduInfo"
  >
    Mock label
  </label>
  <div>
    <span
      data-testid="limit"
    >
      0
       / 100
    </span>
    <textarea
      id="eduInfo"
      maxlength="100"
      rows="5"
    />
  </div>
</div>
`;
